Global Exception: openssl_md5() takes no keyword arguments
Traceback (most recent call last):
  File "/Users/haozhang/Desktop/HaoExam-main/backend/venv/lib/python3.7/site-packages/starlette/middleware/errors.py", line 162, in __call__
    await self.app(scope, receive, _send)
  File "/Users/haozhang/Desktop/HaoExam-main/backend/venv/lib/python3.7/site-packages/starlette/middleware/cors.py", line 91, in __call__
    await self.simple_response(scope, receive, send, request_headers=headers)
  File "/Users/haozhang/Desktop/HaoExam-main/backend/venv/lib/python3.7/site-packages/starlette/middleware/cors.py", line 146, in simple_response
    await self.app(scope, receive, send)
  File "/Users/haozhang/Desktop/HaoExam-main/backend/venv/lib/python3.7/site-packages/starlette/middleware/exceptions.py", line 79, in __call__
    raise exc
  File "/Users/haozhang/Desktop/HaoExam-main/backend/venv/lib/python3.7/site-packages/starlette/middleware/exceptions.py", line 68, in __call__
    await self.app(scope, receive, sender)
  File "/Users/haozhang/Desktop/HaoExam-main/backend/venv/lib/python3.7/site-packages/fastapi/middleware/asyncexitstack.py", line 20, in __call__
    raise e
  File "/Users/haozhang/Desktop/HaoExam-main/backend/venv/lib/python3.7/site-packages/fastapi/middleware/asyncexitstack.py", line 17, in __call__
    await self.app(scope, receive, send)
  File "/Users/haozhang/Desktop/HaoExam-main/backend/venv/lib/python3.7/site-packages/starlette/routing.py", line 718, in __call__
    await route.handle(scope, receive, send)
  File "/Users/haozhang/Desktop/HaoExam-main/backend/venv/lib/python3.7/site-packages/starlette/routing.py", line 276, in handle
    await self.app(scope, receive, send)
  File "/Users/haozhang/Desktop/HaoExam-main/backend/venv/lib/python3.7/site-packages/starlette/routing.py", line 66, in app
    response = await func(request)
  File "/Users/haozhang/Desktop/HaoExam-main/backend/venv/lib/python3.7/site-packages/fastapi/routing.py", line 274, in app
    dependant=dependant, values=values, is_coroutine=is_coroutine
  File "/Users/haozhang/Desktop/HaoExam-main/backend/venv/lib/python3.7/site-packages/fastapi/routing.py", line 192, in run_endpoint_function
    return await run_in_threadpool(dependant.call, **values)
  File "/Users/haozhang/Desktop/HaoExam-main/backend/venv/lib/python3.7/site-packages/starlette/concurrency.py", line 41, in run_in_threadpool
    return await anyio.to_thread.run_sync(func, *args)
  File "/Users/haozhang/Desktop/HaoExam-main/backend/venv/lib/python3.7/site-packages/anyio/to_thread.py", line 34, in run_sync
    func, *args, cancellable=cancellable, limiter=limiter
  File "/Users/haozhang/Desktop/HaoExam-main/backend/venv/lib/python3.7/site-packages/anyio/_backends/_asyncio.py", line 877, in run_sync_in_worker_thread
    return await future
  File "/Users/haozhang/Desktop/HaoExam-main/backend/venv/lib/python3.7/site-packages/anyio/_backends/_asyncio.py", line 807, in run
    result = context.run(func, *args)
  File "/Users/haozhang/Desktop/HaoExam-main/backend/app/main.py", line 246, in generate_worksheet
    pdf_engine.generate_worksheet(ordered_questions, output_path, include_answers=request.include_answers)
  File "/Users/haozhang/Desktop/HaoExam-main/backend/app/pdf_engine.py", line 11, in generate_worksheet
    c = canvas.Canvas(output_path, pagesize=A4)
  File "/Users/haozhang/Desktop/HaoExam-main/backend/venv/lib/python3.7/site-packages/reportlab/pdfgen/canvas.py", line 323, in __init__
    lang=lang
  File "/Users/haozhang/Desktop/HaoExam-main/backend/venv/lib/python3.7/site-packages/reportlab/pdfbase/pdfdoc.py", line 137, in __init__
    sig = self.signature = md5(usedforsecurity=False)
TypeError: openssl_md5() takes no keyword arguments

Global Exception: (sqlite3.IntegrityError) UNIQUE constraint failed: tags.name
[SQL: INSERT INTO tags (name, category) VALUES (?, ?)]
[parameters: ('Definition', 'Circular Measure')]
(Background on this error at: https://sqlalche.me/e/20/gkpj)
Traceback (most recent call last):
  File "/Users/haozhang/Desktop/HaoExam-main/backend/venv/lib/python3.14/site-packages/sqlalchemy/engine/base.py", line 1967, in _exec_single_context
    self.dialect.do_execute(
    ~~~~~~~~~~~~~~~~~~~~~~~^
        cursor, str_statement, effective_parameters, context
        ^^^^^^^^^^^^^^^^^^^^^^^^^^^^^^^^^^^^^^^^^^^^^^^^^^^^
    )
    ^
  File "/Users/haozhang/Desktop/HaoExam-main/backend/venv/lib/python3.14/site-packages/sqlalchemy/engine/default.py", line 952, in do_execute
    cursor.execute(statement, parameters)
    ~~~~~~~~~~~~~~^^^^^^^^^^^^^^^^^^^^^^^
sqlite3.IntegrityError: UNIQUE constraint failed: tags.name

The above exception was the direct cause of the following exception:

Traceback (most recent call last):
  File "/Users/haozhang/Desktop/HaoExam-main/backend/venv/lib/python3.14/site-packages/starlette/middleware/errors.py", line 164, in __call__
    await self.app(scope, receive, _send)
  File "/Users/haozhang/Desktop/HaoExam-main/backend/venv/lib/python3.14/site-packages/starlette/middleware/cors.py", line 93, in __call__
    await self.simple_response(scope, receive, send, request_headers=headers)
  File "/Users/haozhang/Desktop/HaoExam-main/backend/venv/lib/python3.14/site-packages/starlette/middleware/cors.py", line 144, in simple_response
    await self.app(scope, receive, send)
  File "/Users/haozhang/Desktop/HaoExam-main/backend/venv/lib/python3.14/site-packages/starlette/middleware/exceptions.py", line 63, in __call__
    await wrap_app_handling_exceptions(self.app, conn)(scope, receive, send)
  File "/Users/haozhang/Desktop/HaoExam-main/backend/venv/lib/python3.14/site-packages/starlette/_exception_handler.py", line 53, in wrapped_app
    raise exc
  File "/Users/haozhang/Desktop/HaoExam-main/backend/venv/lib/python3.14/site-packages/starlette/_exception_handler.py", line 42, in wrapped_app
    await app(scope, receive, sender)
  File "/Users/haozhang/Desktop/HaoExam-main/backend/venv/lib/python3.14/site-packages/fastapi/middleware/asyncexitstack.py", line 18, in __call__
    await self.app(scope, receive, send)
  File "/Users/haozhang/Desktop/HaoExam-main/backend/venv/lib/python3.14/site-packages/starlette/routing.py", line 716, in __call__
    await self.middleware_stack(scope, receive, send)
  File "/Users/haozhang/Desktop/HaoExam-main/backend/venv/lib/python3.14/site-packages/starlette/routing.py", line 736, in app
    await route.handle(scope, receive, send)
  File "/Users/haozhang/Desktop/HaoExam-main/backend/venv/lib/python3.14/site-packages/starlette/routing.py", line 290, in handle
    await self.app(scope, receive, send)
  File "/Users/haozhang/Desktop/HaoExam-main/backend/venv/lib/python3.14/site-packages/fastapi/routing.py", line 120, in app
    await wrap_app_handling_exceptions(app, request)(scope, receive, send)
  File "/Users/haozhang/Desktop/HaoExam-main/backend/venv/lib/python3.14/site-packages/starlette/_exception_handler.py", line 53, in wrapped_app
    raise exc
  File "/Users/haozhang/Desktop/HaoExam-main/backend/venv/lib/python3.14/site-packages/starlette/_exception_handler.py", line 42, in wrapped_app
    await app(scope, receive, sender)
  File "/Users/haozhang/Desktop/HaoExam-main/backend/venv/lib/python3.14/site-packages/fastapi/routing.py", line 106, in app
    response = await f(request)
               ^^^^^^^^^^^^^^^^
  File "/Users/haozhang/Desktop/HaoExam-main/backend/venv/lib/python3.14/site-packages/fastapi/routing.py", line 430, in app
    raw_response = await run_endpoint_function(
                   ^^^^^^^^^^^^^^^^^^^^^^^^^^^^
    ...<3 lines>...
    )
    ^
  File "/Users/haozhang/Desktop/HaoExam-main/backend/venv/lib/python3.14/site-packages/fastapi/routing.py", line 318, in run_endpoint_function
    return await run_in_threadpool(dependant.call, **values)
           ^^^^^^^^^^^^^^^^^^^^^^^^^^^^^^^^^^^^^^^^^^^^^^^^^
  File "/Users/haozhang/Desktop/HaoExam-main/backend/venv/lib/python3.14/site-packages/starlette/concurrency.py", line 32, in run_in_threadpool
    return await anyio.to_thread.run_sync(func)
           ^^^^^^^^^^^^^^^^^^^^^^^^^^^^^^^^^^^^
  File "/Users/haozhang/Desktop/HaoExam-main/backend/venv/lib/python3.14/site-packages/anyio/to_thread.py", line 61, in run_sync
    return await get_async_backend().run_sync_in_worker_thread(
           ^^^^^^^^^^^^^^^^^^^^^^^^^^^^^^^^^^^^^^^^^^^^^^^^^^^^
        func, args, abandon_on_cancel=abandon_on_cancel, limiter=limiter
        ^^^^^^^^^^^^^^^^^^^^^^^^^^^^^^^^^^^^^^^^^^^^^^^^^^^^^^^^^^^^^^^^
    )
    ^
  File "/Users/haozhang/Desktop/HaoExam-main/backend/venv/lib/python3.14/site-packages/anyio/_backends/_asyncio.py", line 2525, in run_sync_in_worker_thread
    return await future
           ^^^^^^^^^^^^
  File "/Users/haozhang/Desktop/HaoExam-main/backend/venv/lib/python3.14/site-packages/anyio/_backends/_asyncio.py", line 986, in run
    result = context.run(func, *args)
  File "/Users/haozhang/Desktop/HaoExam-main/backend/app/main.py", line 156, in create_question
    return crud.create_question(db=db, question=question_data, question_image_path=q_path, answer_image_path=a_path, tags=tags)
           ~~~~~~~~~~~~~~~~~~~~^^^^^^^^^^^^^^^^^^^^^^^^^^^^^^^^^^^^^^^^^^^^^^^^^^^^^^^^^^^^^^^^^^^^^^^^^^^^^^^^^^^^^^^^^^^^^^^^
  File "/Users/haozhang/Desktop/HaoExam-main/backend/app/crud.py", line 79, in create_question
    raise e
  File "/Users/haozhang/Desktop/HaoExam-main/backend/app/crud.py", line 62, in create_question
    db.flush()
    ~~~~~~~~^^
  File "/Users/haozhang/Desktop/HaoExam-main/backend/venv/lib/python3.14/site-packages/sqlalchemy/orm/session.py", line 4331, in flush
    self._flush(objects)
    ~~~~~~~~~~~^^^^^^^^^
  File "/Users/haozhang/Desktop/HaoExam-main/backend/venv/lib/python3.14/site-packages/sqlalchemy/orm/session.py", line 4466, in _flush
    with util.safe_reraise():
         ~~~~~~~~~~~~~~~~~^^
  File "/Users/haozhang/Desktop/HaoExam-main/backend/venv/lib/python3.14/site-packages/sqlalchemy/util/langhelpers.py", line 224, in __exit__
    raise exc_value.with_traceback(exc_tb)
  File "/Users/haozhang/Desktop/HaoExam-main/backend/venv/lib/python3.14/site-packages/sqlalchemy/orm/session.py", line 4427, in _flush
    flush_context.execute()
    ~~~~~~~~~~~~~~~~~~~~~^^
  File "/Users/haozhang/Desktop/HaoExam-main/backend/venv/lib/python3.14/site-packages/sqlalchemy/orm/unitofwork.py", line 466, in execute
    rec.execute(self)
    ~~~~~~~~~~~^^^^^^
  File "/Users/haozhang/Desktop/HaoExam-main/backend/venv/lib/python3.14/site-packages/sqlalchemy/orm/unitofwork.py", line 642, in execute
    util.preloaded.orm_persistence.save_obj(
    ~~~~~~~~~~~~~~~~~~~~~~~~~~~~~~~~~~~~~~~^
        self.mapper,
        ^^^^^^^^^^^^
        uow.states_for_mapper_hierarchy(self.mapper, False, False),
        ^^^^^^^^^^^^^^^^^^^^^^^^^^^^^^^^^^^^^^^^^^^^^^^^^^^^^^^^^^^
        uow,
        ^^^^
    )
    ^
  File "/Users/haozhang/Desktop/HaoExam-main/backend/venv/lib/python3.14/site-packages/sqlalchemy/orm/persistence.py", line 93, in save_obj
    _emit_insert_statements(
    ~~~~~~~~~~~~~~~~~~~~~~~^
        base_mapper,
        ^^^^^^^^^^^^
    ...<3 lines>...
        insert,
        ^^^^^^^
    )
    ^
  File "/Users/haozhang/Desktop/HaoExam-main/backend/venv/lib/python3.14/site-packages/sqlalchemy/orm/persistence.py", line 1233, in _emit_insert_statements
    result = connection.execute(
        statement,
        params,
        execution_options=execution_options,
    )
  File "/Users/haozhang/Desktop/HaoExam-main/backend/venv/lib/python3.14/site-packages/sqlalchemy/engine/base.py", line 1419, in execute
    return meth(
        self,
        distilled_parameters,
        execution_options or NO_OPTIONS,
    )
  File "/Users/haozhang/Desktop/HaoExam-main/backend/venv/lib/python3.14/site-packages/sqlalchemy/sql/elements.py", line 527, in _execute_on_connection
    return connection._execute_clauseelement(
           ~~~~~~~~~~~~~~~~~~~~~~~~~~~~~~~~~^
        self, distilled_params, execution_options
        ^^^^^^^^^^^^^^^^^^^^^^^^^^^^^^^^^^^^^^^^^
    )
    ^
  File "/Users/haozhang/Desktop/HaoExam-main/backend/venv/lib/python3.14/site-packages/sqlalchemy/engine/base.py", line 1641, in _execute_clauseelement
    ret = self._execute_context(
        dialect,
    ...<8 lines>...
        cache_hit=cache_hit,
    )
  File "/Users/haozhang/Desktop/HaoExam-main/backend/venv/lib/python3.14/site-packages/sqlalchemy/engine/base.py", line 1846, in _execute_context
    return self._exec_single_context(
           ~~~~~~~~~~~~~~~~~~~~~~~~~^
        dialect, context, statement, parameters
        ^^^^^^^^^^^^^^^^^^^^^^^^^^^^^^^^^^^^^^^
    )
    ^
  File "/Users/haozhang/Desktop/HaoExam-main/backend/venv/lib/python3.14/site-packages/sqlalchemy/engine/base.py", line 1986, in _exec_single_context
    self._handle_dbapi_exception(
    ~~~~~~~~~~~~~~~~~~~~~~~~~~~~^
        e, str_statement, effective_parameters, cursor, context
        ^^^^^^^^^^^^^^^^^^^^^^^^^^^^^^^^^^^^^^^^^^^^^^^^^^^^^^^
    )
    ^
  File "/Users/haozhang/Desktop/HaoExam-main/backend/venv/lib/python3.14/site-packages/sqlalchemy/engine/base.py", line 2363, in _handle_dbapi_exception
    raise sqlalchemy_exception.with_traceback(exc_info[2]) from e
  File "/Users/haozhang/Desktop/HaoExam-main/backend/venv/lib/python3.14/site-packages/sqlalchemy/engine/base.py", line 1967, in _exec_single_context
    self.dialect.do_execute(
    ~~~~~~~~~~~~~~~~~~~~~~~^
        cursor, str_statement, effective_parameters, context
        ^^^^^^^^^^^^^^^^^^^^^^^^^^^^^^^^^^^^^^^^^^^^^^^^^^^^
    )
    ^
  File "/Users/haozhang/Desktop/HaoExam-main/backend/venv/lib/python3.14/site-packages/sqlalchemy/engine/default.py", line 952, in do_execute
    cursor.execute(statement, parameters)
    ~~~~~~~~~~~~~~^^^^^^^^^^^^^^^^^^^^^^^
sqlalchemy.exc.IntegrityError: (sqlite3.IntegrityError) UNIQUE constraint failed: tags.name
[SQL: INSERT INTO tags (name, category) VALUES (?, ?)]
[parameters: ('Definition', 'Circular Measure')]
(Background on this error at: https://sqlalche.me/e/20/gkpj)

